test-gitfs:
  ufw-package-install-pkg-installed:
    pkg:
    - name: ufw
    - installed
    - order: 10000
    __sls__: ufw.package.install
    __env__: base
  ufw-default-file-file-managed:
    file:
    - name: /etc/default/ufw
    - user: root
    - group: root
    - template: jinja
    - source:
      - salt://ufw/files/test-gitfs/ufw.default.tmpl
      - salt://ufw/files/test-gitfs/ufw.default.tmpl.jinja
      - salt://ufw/files/os_family/ufw.default.tmpl
      - salt://ufw/files/os_family/ufw.default.tmpl.jinja
      - salt://ufw/files/default/ufw.default.tmpl
      - salt://ufw/files/default/ufw.default.tmpl.jinja
    - require:
      - sls: ufw.package.install
    - context:
        ufw_settings: {}
    - managed
    - order: 10001
    __sls__: ufw.config.file
    __env__: base
  ufw-sysctl-file-file-managed:
    file:
    - name: /etc/ufw/sysctl.conf
    - user: root
    - group: root
    - template: jinja
    - source:
      - salt://ufw/files/test-gitfs/ufw.sysctl.tmpl
      - salt://ufw/files/test-gitfs/ufw.sysctl.tmpl.jinja
      - salt://ufw/files/os_family/ufw.sysctl.tmpl
      - salt://ufw/files/os_family/ufw.sysctl.tmpl.jinja
      - salt://ufw/files/default/ufw.sysctl.tmpl
      - salt://ufw/files/default/ufw.sysctl.tmpl.jinja
    - require:
      - sls: ufw.package.install
    - context:
        ufw_sysctl: {}
    - managed
    - order: 10002
    __sls__: ufw.config.file
    __env__: base
  /etc/ufw/applications.d:
    file:
    - user: root
    - group: root
    - file_mode: 644
    - clean: false
    - source: salt://ufw/files/applications.d
    - recurse
    - order: 10003
    __sls__: ufw.config.file
    __env__: base
  ufw-service-dead-service-dead:
    service:
    - name: ufw
    - enable: false
    - require:
      - sls: ufw.config.file
    - dead
    - order: 10004
    __sls__: ufw.service.running
    __env__: base
test-users:
  users_auser_user_prereq:
    file:
    - name: /home
    - makedirs: true
    - prereq:
      - user: users_auser_user
    - directory
    - order: 10000
    __sls__: users
    __env__: base
  users_auser_user:
    file:
    - name: /home/auser
    - user: auser
    - group: auser
    - mode: 750
    - makedirs: true
    - require:
      - user: users_auser_user
      - group: auser
    - directory
    - order: 10001
    group:
    - name: auser
    - present
    - order: 10002
    user:
    - name: auser
    - home: /home/auser
    - shell: /bin/bash
    - gid: auser
    - fullname: A User
    - createhome: true
    - allow_gid_change: true
    - remove_groups: false
    - groups:
      - auser
    - require:
      - group: auser
    - present
    - order: 10003
    __sls__: users
    __env__: base
  users_/etc/sudoers.d/auser:
    file:
    - name: /etc/sudoers.d/auser
    - absent
    - order: 10004
    __sls__: users
    __env__: base
tester:
  test.common.pillar_access:
    test:
    - text: My name is tester
    - show_notification
    - order: 10000
    __sls__: tests
    __env__: base
  test.common.grain_access.id:
    test:
    - text: My id is tester
    - show_notification
    - order: 10001
    __sls__: tests
    __env__: base
  test.common.grain_access.custom:
    test:
    - text: My os is Ubuntu
    - show_notification
    - order: 10002
    __sls__: tests
    __env__: base
  test.vault.secret:
    test:
    - text: 'This is top secret: SECRET'
    - show_notification
    - order: 10003
    __sls__: tests
    __env__: base
