/home/gz/dev/personal/slskit/.venv/lib/python3.7/site-packages/salt/ext/tornado/httputil.py:107: DeprecationWarning: Using or importing the ABCs from 'collections' instead of from 'collections.abc' is deprecated since Python 3.3,and in 3.9 it will stop working
  class HTTPHeaders(collections.MutableMapping):
