[32mINFO[0m:salt.state:Loading fresh modules for state activity[0m
[32mINFO[0m:salt.state:Loading fresh modules for state activity[0m
[32mINFO[0m:salt.fileclient:Fetching file from saltenv 'base', ** done ** 'ufw/init.sls'[0m
[32mINFO[0m:salt.fileclient:Fetching file from saltenv 'base', ** done ** 'ufw/package/init.sls'[0m
[32mINFO[0m:salt.fileclient:Fetching file from saltenv 'base', ** done ** 'ufw/package/install.sls'[0m
[32mINFO[0m:salt.fileclient:Fetching file from saltenv 'base', ** done ** 'ufw/map.jinja'[0m
[32mINFO[0m:salt.fileclient:Fetching file from saltenv 'base', ** done ** 'ufw/defaults.yaml'[0m
[32mINFO[0m:salt.fileclient:Fetching file from saltenv 'base', ** done ** 'ufw/osfamilymap.yaml'[0m
[32mINFO[0m:salt.fileclient:Fetching file from saltenv 'base', ** done ** 'ufw/osmap.yaml'[0m
[32mINFO[0m:salt.fileclient:Fetching file from saltenv 'base', ** done ** 'ufw/osfingermap.yaml'[0m
[32mINFO[0m:salt.fileclient:Fetching file from saltenv 'base', ** done ** 'ufw/config/init.sls'[0m
[32mINFO[0m:salt.fileclient:Fetching file from saltenv 'base', ** done ** 'ufw/config/file.sls'[0m
[32mINFO[0m:salt.fileclient:Fetching file from saltenv 'base', ** done ** 'ufw/map.jinja'[0m
[32mINFO[0m:salt.fileclient:Fetching file from saltenv 'base', ** done ** 'ufw/defaults.yaml'[0m
[32mINFO[0m:salt.fileclient:Fetching file from saltenv 'base', ** done ** 'ufw/osfamilymap.yaml'[0m
[32mINFO[0m:salt.fileclient:Fetching file from saltenv 'base', ** done ** 'ufw/osmap.yaml'[0m
[32mINFO[0m:salt.fileclient:Fetching file from saltenv 'base', ** done ** 'ufw/osfingermap.yaml'[0m
[32mINFO[0m:salt.fileclient:Fetching file from saltenv 'base', ** done ** 'ufw/libtofs.jinja'[0m
[32mINFO[0m:salt.fileclient:Fetching file from saltenv 'base', ** done ** 'ufw/config/services.sls'[0m
[32mINFO[0m:salt.fileclient:Fetching file from saltenv 'base', ** done ** 'ufw/map.jinja'[0m
[32mINFO[0m:salt.fileclient:Fetching file from saltenv 'base', ** done ** 'ufw/defaults.yaml'[0m
[32mINFO[0m:salt.fileclient:Fetching file from saltenv 'base', ** done ** 'ufw/osfamilymap.yaml'[0m
[32mINFO[0m:salt.fileclient:Fetching file from saltenv 'base', ** done ** 'ufw/osmap.yaml'[0m
[32mINFO[0m:salt.fileclient:Fetching file from saltenv 'base', ** done ** 'ufw/osfingermap.yaml'[0m
[32mINFO[0m:salt.fileclient:Fetching file from saltenv 'base', ** done ** 'ufw/service/enable.sls'[0m
[32mINFO[0m:salt.fileclient:Fetching file from saltenv 'base', ** done ** 'ufw/map.jinja'[0m
[32mINFO[0m:salt.fileclient:Fetching file from saltenv 'base', ** done ** 'ufw/defaults.yaml'[0m
[32mINFO[0m:salt.fileclient:Fetching file from saltenv 'base', ** done ** 'ufw/osfamilymap.yaml'[0m
[32mINFO[0m:salt.fileclient:Fetching file from saltenv 'base', ** done ** 'ufw/osmap.yaml'[0m
[32mINFO[0m:salt.fileclient:Fetching file from saltenv 'base', ** done ** 'ufw/osfingermap.yaml'[0m
[32mINFO[0m:salt.fileclient:Fetching file from saltenv 'base', ** done ** 'ufw/service/reload.sls'[0m
[32mINFO[0m:salt.fileclient:Fetching file from saltenv 'base', ** done ** 'ufw/map.jinja'[0m
[32mINFO[0m:salt.fileclient:Fetching file from saltenv 'base', ** done ** 'ufw/defaults.yaml'[0m
[32mINFO[0m:salt.fileclient:Fetching file from saltenv 'base', ** done ** 'ufw/osfamilymap.yaml'[0m
[32mINFO[0m:salt.fileclient:Fetching file from saltenv 'base', ** done ** 'ufw/osmap.yaml'[0m
[32mINFO[0m:salt.fileclient:Fetching file from saltenv 'base', ** done ** 'ufw/osfingermap.yaml'[0m
[32mINFO[0m:salt.fileclient:Fetching file from saltenv 'base', ** done ** 'ufw/config/applications.sls'[0m
[32mINFO[0m:salt.fileclient:Fetching file from saltenv 'base', ** done ** 'ufw/map.jinja'[0m
[32mINFO[0m:salt.fileclient:Fetching file from saltenv 'base', ** done ** 'ufw/defaults.yaml'[0m
[32mINFO[0m:salt.fileclient:Fetching file from saltenv 'base', ** done ** 'ufw/osfamilymap.yaml'[0m
[32mINFO[0m:salt.fileclient:Fetching file from saltenv 'base', ** done ** 'ufw/osmap.yaml'[0m
[32mINFO[0m:salt.fileclient:Fetching file from saltenv 'base', ** done ** 'ufw/osfingermap.yaml'[0m
[32mINFO[0m:salt.fileclient:Fetching file from saltenv 'base', ** done ** 'ufw/config/interfaces.sls'[0m
[32mINFO[0m:salt.fileclient:Fetching file from saltenv 'base', ** done ** 'ufw/map.jinja'[0m
[32mINFO[0m:salt.fileclient:Fetching file from saltenv 'base', ** done ** 'ufw/defaults.yaml'[0m
[32mINFO[0m:salt.fileclient:Fetching file from saltenv 'base', ** done ** 'ufw/osfamilymap.yaml'[0m
[32mINFO[0m:salt.fileclient:Fetching file from saltenv 'base', ** done ** 'ufw/osmap.yaml'[0m
[32mINFO[0m:salt.fileclient:Fetching file from saltenv 'base', ** done ** 'ufw/osfingermap.yaml'[0m
[32mINFO[0m:salt.fileclient:Fetching file from saltenv 'base', ** done ** 'ufw/config/open.sls'[0m
[32mINFO[0m:salt.fileclient:Fetching file from saltenv 'base', ** done ** 'ufw/map.jinja'[0m
[32mINFO[0m:salt.fileclient:Fetching file from saltenv 'base', ** done ** 'ufw/defaults.yaml'[0m
[32mINFO[0m:salt.fileclient:Fetching file from saltenv 'base', ** done ** 'ufw/osfamilymap.yaml'[0m
[32mINFO[0m:salt.fileclient:Fetching file from saltenv 'base', ** done ** 'ufw/osmap.yaml'[0m
[32mINFO[0m:salt.fileclient:Fetching file from saltenv 'base', ** done ** 'ufw/osfingermap.yaml'[0m
[32mINFO[0m:salt.fileclient:Fetching file from saltenv 'base', ** done ** 'ufw/service/init.sls'[0m
[32mINFO[0m:salt.fileclient:Fetching file from saltenv 'base', ** done ** 'ufw/service/running.sls'[0m
[32mINFO[0m:salt.fileclient:Fetching file from saltenv 'base', ** done ** 'ufw/map.jinja'[0m
[32mINFO[0m:salt.fileclient:Fetching file from saltenv 'base', ** done ** 'ufw/defaults.yaml'[0m
[32mINFO[0m:salt.fileclient:Fetching file from saltenv 'base', ** done ** 'ufw/osfamilymap.yaml'[0m
[32mINFO[0m:salt.fileclient:Fetching file from saltenv 'base', ** done ** 'ufw/osmap.yaml'[0m
[32mINFO[0m:salt.fileclient:Fetching file from saltenv 'base', ** done ** 'ufw/osfingermap.yaml'[0m
[32mINFO[0m:salt.state:Loading fresh modules for state activity[0m
[32mINFO[0m:salt.fileclient:Fetching file from saltenv 'base', ** done ** 'users/init.sls'[0m
[32mINFO[0m:salt.fileclient:Fetching file from saltenv 'base', ** done ** 'users/map.jinja'[0m
[32mINFO[0m:salt.fileclient:Fetching file from saltenv 'base', ** done ** 'users/defaults.yaml'[0m
